---
source: src/tui/tests/widgets/content/list.rs
expression: terminal.backend().to_string()
---
"▌▄▄▄▄▄▄▄▄▄▄▄▄ World   Survival                                        "
"▌▄▄▄▄▄▄▄▄▄▄▄▄ Minecraft 1.21.1  •  2.0 MB                Never played "
"▌▄▄▄▄▄▄▄▄▄▄▄▄                                                         "
"▌▄▄▄▄▄▄▄▄▄▄▄▄                                                         "
"▌▄▄▄▄▄▄▄▄▄▄▄▄                                                         "
"▌▄▄▄▄▄▄▄▄▄▄▄▄                                                         "
