---
source: src/tui/tests/widgets/content/list.rs
expression: terminal.backend().to_string()
---
"▌▄▄▄▄▄▄▄▄▄▄▄▄ World                               "
"▌▄▄▄▄▄▄▄▄▄▄▄▄ Last played                         "
"▌▄▄▄▄▄▄▄▄▄▄▄▄ Difficulty: Normal                  "
"▌▄▄▄▄▄▄▄▄▄▄▄▄ Minecraft: 1.21.1                   "
"▌▄▄▄▄▄▄▄▄▄▄▄▄ Created                             "
"▌▄▄▄▄▄▄▄▄▄▄▄▄ Approx. size                        "
