---
source: src/tui/widgets/popups/error/render_tests.rs
expression: term.backend()
---
"╭ WARN ────────────────────────────────╮"
"│Disk space low                        │"
"│                                      │"
"│                                      │"
"╰──────────────────────────────────────╯"
