---
source: src/tui/widgets/popups/new_instance/render/tests.rs
expression: terminal.backend()
---
"╭New Instance──────────────────────────────────────────────╮"
"│Instance name...█                                         │"
"│                                                          │"
"│                                                          │"
"│                                                          │"
"│                                                          │"
"│                                                          │"
"│                                                          │"
"│                                                          │"
"│                                                          │"
"│                                                          │"
"╰──────────────────────────────────────────[Enter] continue╯"
