---
source: src/tui/tests/widgets/popups/error/render.rs
expression: term.backend()
---
"╭ WARN ────────────────────────────────╮"
"│Disk space low                        │"
"│                                      │"
"│                                      │"
"╰──────────────────────────────────────╯"
