---
source: src/tui/widgets/popups/import_modpack/render/tests.rs
expression: terminal.backend()
---
"╭Import Modpack────────────────────────────────────────────╮"
"│Name: Synthetic Pack                                      │"
"│Pack Version: 1.0.0                                       │"
"│MC Version: 1.20.1                                        │"
"│Loader: Fabric 0.15.0                                     │"
"│Mods: 42 files                                            │"
"│Overrides: 3 files                                        │"
"│                                                          │"
"│                                                          │"
"│                                                          │"
"│                                                          │"
"│                                                          │"
"│                                                          │"
"╰──────────────────────────────────[h] back  [Enter] import╯"
