---
source: src/tui/widgets/instances.rs
expression: terminal.backend()
---
"╭Instances─────────────────────────────╮"
"│                                      │"
"│                                      │"
"│                                      │"
"│                                      │"
"│                                      │"
"│                                      │"
"╰──────────────────────────────────────╯"
