---
source: src/tui/widgets/popups/error.rs
expression: term.backend()
---
"╭ ERROR ───────────────────────────────╮"
"│The Minecraft launcher could not reach│"
"│the Mojang version manifest after     │"
"│three retries. Check your network     │"
"│connection or proxy settings.         │"
"│                                      │"
"│                                      │"
"│                                      │"
"│                                      │"
"╰──────────────────────────────────────╯"
