---
source: src/tui/tests/widgets/popups/import_modpack/render.rs
expression: terminal.backend()
---
"╭Direct Modpack Import─────────────────────────────────────╮"
"│URL, slug, or pack file path...█                          │"
"│                                                          │"
"│                                                          │"
"│                                                          │"
"│                                                          │"
"│                                                          │"
"│                                                          │"
"│                                                          │"
"│                                                          │"
"│                                                          │"
"╰─────────────────────────────────[Enter] fetch  [Esc] back╯"
